0 verbose cli /usr/bin/node /usr/bin/npm
1 info using npm@9.2.0
2 info using node@v20.19.2
3 timing npm:load:whichnode Completed in 1ms
4 timing config:load:defaults Completed in 3ms
5 timing config:load:file:/usr/share/nodejs/npm/npmrc Completed in 6ms
6 timing config:load:builtin Completed in 6ms
7 timing config:load:cli Completed in 4ms
8 timing config:load:env Completed in 0ms
9 timing config:load:file:/var/www/html/.npmrc Completed in 8ms
10 timing config:load:project Completed in 15ms
11 timing config:load:file:/home/developer/.npmrc Completed in 0ms
12 timing config:load:user Completed in 1ms
13 timing config:load:file:/etc/npmrc Completed in 0ms
14 timing config:load:global Completed in 0ms
15 timing config:load:setEnvs Completed in 2ms
16 timing config:load Completed in 31ms
17 timing npm:load:configload Completed in 31ms
18 timing npm:load:mkdirpcache Completed in 1ms
19 timing npm:load:mkdirplogs Completed in 0ms
20 verbose title npm config set cache /home/developer/.npm
21 verbose argv "config" "set" "cache" "/home/developer/.npm"
22 timing npm:load:setTitle Completed in 2ms
23 timing config:load:flatten Completed in 5ms
24 timing npm:load:display Completed in 7ms
25 verbose logfile logs-max:10 dir:/home/developer/.npm/_logs/2026-02-18T05_55_54_173Z-
26 verbose logfile /home/developer/.npm/_logs/2026-02-18T05_55_54_173Z-debug-0.log
27 timing npm:load:logFile Completed in 17ms
28 timing npm:load:timers Completed in 0ms
29 timing npm:load:configScope Completed in 0ms
30 timing npm:load Completed in 61ms
31 silly logfile start cleaning logs, removing 1 files
32 timing config:load:flatten Completed in 0ms
33 info config set "cache" "/home/developer/.npm"
34 timing config:load:flatten Completed in 1ms
35 silly logfile done cleaning log files
36 timing command:config Completed in 11ms
37 verbose exit 0
38 timing npm Completed in 94ms
39 info ok
